// Jest Snapshot v1, https://goo.gl/fbAQLP

exports[`Single Seat Contest 1`] = `
.c10 {
  position: relative;
  border-radius: 0.125rem;
  box-shadow: 0 0.125rem 0.125rem 0 rgba(0,0,0,0.14), 0 0.1875rem 0.0625rem -0.125rem rgba(0,0,0,0.12), 0 0.0625rem 0.3125rem 0 rgba(0,0,0,0.2);
  background: #FFFFFF;
  cursor: pointer;
  padding: 0.5rem 0.5rem 0.5rem 4rem;
  text-align: left;
  -webkit-transition: background 0.25s,color 0.25s;
  transition: background 0.25s,color 0.25s;
}

.c10::before {
  display: -webkit-box;
  display: -webkit-flex;
  display: -ms-flexbox;
  display: flex;
  -webkit-align-items: center;
  -webkit-box-align: center;
  -ms-flex-align: center;
  align-items: center;
  -webkit-box-pack: center;
  -webkit-justify-content: center;
  -ms-flex-pack: center;
  justify-content: center;
  position: absolute;
  top: 0;
  bottom: 0;
  left: 0;
  border-right: 1px solid;
  border-color: rgb(211,211,211);
  border-radius: 0.125rem 0 0 0.125rem;
  background: #ffffff;
  width: 3rem;
  text-align: center;
  color: #028099;
  font-size: 2rem;
  font-weight: 700;
  content: '';
}

.c8 {
  position: relative;
  border-radius: 0.125rem;
  box-shadow: 0 0.125rem 0.125rem 0 rgba(0,0,0,0.14), 0 0.1875rem 0.0625rem -0.125rem rgba(0,0,0,0.12), 0 0.0625rem 0.3125rem 0 rgba(0,0,0,0.2);
  background: #028099;
  cursor: pointer;
  padding: 0.5rem 0.5rem 0.5rem 4rem;
  text-align: left;
  color: #FFFFFF;
  -webkit-transition: background 0.25s,color 0.25s;
  transition: background 0.25s,color 0.25s;
}

.c8::before {
  display: -webkit-box;
  display: -webkit-flex;
  display: -ms-flexbox;
  display: flex;
  -webkit-align-items: center;
  -webkit-box-align: center;
  -ms-flex-align: center;
  align-items: center;
  -webkit-box-pack: center;
  -webkit-justify-content: center;
  -ms-flex-pack: center;
  justify-content: center;
  position: absolute;
  top: 0;
  bottom: 0;
  left: 0;
  border-right: 1px solid;
  border-color: #028099;
  border-radius: 0.125rem 0 0 0.125rem;
  background: #ffffff;
  width: 3rem;
  text-align: center;
  color: #028099;
  font-size: 2rem;
  font-weight: 700;
  content: 'âœ“';
}

.c3 {
  font-weight: 600;
}

.c25 {
  font-size: 0.8rem;
}

.c27 {
  font-size: 0.8rem;
  font-weight: 300;
}

.c9 {
  word-break: break-word;
}

.c13 {
  text-align: center;
}

.c26 {
  white-space: nowrap;
}

.c1 {
  margin: 0 auto;
  width: 100%;
  padding: 1rem 2rem 0.5rem;
  padding-left: 6rem;
}

.c2 {
  text-transform: uppercase;
  font-size: 0.85rem;
  font-weight: 600;
}

.c4 {
  display: -webkit-box;
  display: -webkit-flex;
  display: -ms-flexbox;
  display: flex;
  -webkit-flex: 1;
  -ms-flex: 1;
  flex: 1;
  position: relative;
  overflow: auto;
}

.c4::before,
.c4::after {
  position: absolute;
  z-index: 1;
  width: 100%;
  height: 0.25rem;
  content: '';
  -webkit-transition: opacity 0.25s ease;
  transition: opacity 0.25s ease;
}

.c4::before {
  top: 0;
  opacity: 0;
  background: linear-gradient( to bottom, rgb(177,186,190) 0%, transparent 100% );
}

.c4::after {
  bottom: 0;
  opacity: 0;
  background: linear-gradient( to bottom, transparent 0%, rgb(177,186,190) 100% );
}

.c5 {
  -webkit-flex: 1;
  -ms-flex: 1;
  flex: 1;
  overflow: auto;
}

.c6 {
  margin: 0 auto;
  width: 100%;
  padding: 0.5rem 2rem 2rem;
}

.c7 {
  display: grid;
  grid-auto-rows: minmax(auto,1fr);
  grid-gap: 1rem;
}

.c23 {
  max-width: 250px;
}

.c24 {
  max-width: 250px;
}

.c21 {
  display: -webkit-box;
  display: -webkit-flex;
  display: -ms-flexbox;
  display: flex;
  margin: 1.5rem 1rem 0;
}

.c22 {
  display: -webkit-box;
  display: -webkit-flex;
  display: -ms-flexbox;
  display: flex;
  -webkit-flex-direction: row;
  -ms-flex-direction: row;
  flex-direction: row;
  -webkit-align-items: center;
  -webkit-box-align: center;
  -ms-flex-align: center;
  align-items: center;
  margin: auto;
}

.c22 div:first-child {
  margin-right: 1rem;
  min-width: 5rem;
}

.c11 {
  display: -webkit-box;
  display: -webkit-flex;
  display: -ms-flexbox;
  display: flex;
  -webkit-flex-direction: column;
  -ms-flex-direction: column;
  flex-direction: column;
  background-color: #333333;
  color: #ffffff;
}

.c12 {
  display: -webkit-box;
  display: -webkit-flex;
  display: -ms-flexbox;
  display: flex;
  -webkit-flex: 1;
  -ms-flex: 1;
  flex: 1;
  -webkit-flex-direction: column;
  -ms-flex-direction: column;
  flex-direction: column;
  padding: 1rem;
}

.c12 p > button {
  width: 100%;
}

.c16 {
  margin: 1rem;
}

.c17 {
  display: -webkit-box;
  display: -webkit-flex;
  display: -ms-flexbox;
  display: flex;
  -webkit-box-pack: center;
  -webkit-justify-content: center;
  -ms-flex-pack: center;
  justify-content: center;
  border: 1px solid #808080;
  border-width: 1px 0;
  padding: 1rem 0;
}

.c18 {
  display: -webkit-box;
  display: -webkit-flex;
  display: -ms-flexbox;
  display: flex;
  -webkit-box-pack: center;
  -webkit-justify-content: center;
  -ms-flex-pack: center;
  justify-content: center;
}

.c20 button {
  min-width: 112px;
}

.c20 button[data-size='0'] {
  font-size: 22px !important;
}

.c20 button[data-size='1'] {
  font-size: 28px !important;
}

.c20 button[data-size='2'] {
  font-size: 36px !important;
}

.c19 {
  display: block;
  margin-bottom: 0.4rem;
}

.c15::before {
  display: inline-block;
  margin-right: 0.5rem;
  background: url('/images/arrow-left-open-black.svg') no-repeat;
  width: 1rem;
  height: 1rem;
  vertical-align: text-bottom;
  content: '';
}

.c14::after {
  display: inline-block;
  margin-left: 0.5rem;
  background: url('/images/arrow-right-open-white.svg') no-repeat;
  width: 1.375rem;
  height: 1.375rem;
  vertical-align: text-bottom;
  content: '';
}

.c0 {
  height: 100%;
}

.c0:focus {
  outline: none;
}

@media (min-width:480px) {
  .c10 {
    padding: 1rem 1rem 1rem 4rem;
  }
}

@media (min-width:480px) {
  .c8 {
    padding: 1rem 1rem 1rem 4rem;
  }
}

<div
  class="c0"
  tabindex="-1"
>
  <div
    class="sc-jObXwK erQiAb"
  >
    <main
      class="sc-cxpRKc iyrZoO"
    >
      <div
        class="c1"
        id="contest-header"
      >
        <div
          class="sc-jRQAMF boeJiV"
          id="audiofocus"
        >
          <h1
            aria-label="United States President and Vice-President."
          >
            <div
              class="c2"
            >
              United States
            </div>
            President and Vice-President
          </h1>
          <p>
            <span
              class=""
            >
              Vote for 
              1
              .
            </span>
             
            <span
              class="c3"
            >
              You have selected 
              1
              .
            </span>
            <span
              class="screen-reader-only"
            >
              To navigate through the contest choices, use the down button. To move to the next contest, use the right button.
            </span>
          </p>
        </div>
      </div>
      <div
        class="c4"
      >
        <div
          class="c5"
        >
          <div
            class="c6"
          >
            <div
              class="c7"
            >
              <button
                aria-label="Selected, Joseph Barchi and Joseph Hallaren, Federalist."
                class="c8"
                data-choice="barchi-hallaren"
                data-selected="true"
                role="option"
                type="button"
              >
                <div
                  class="sc-jRQAMF boeJiV"
                >
                  <p
                    class="c9"
                  >
                    <strong>
                      Joseph Barchi and Joseph Hallaren
                    </strong>
                    <br />
                    Federalist
                  </p>
                </div>
              </button>
              <button
                aria-label=" Adam Cramer and Greg Vuocolo, People's."
                class="c10"
                data-choice="cramer-vuocolo"
                data-selected="false"
                role="option"
                type="button"
              >
                <div
                  class="sc-jRQAMF boeJiV"
                >
                  <p
                    class="c9"
                  >
                    <strong>
                      Adam Cramer and Greg Vuocolo
                    </strong>
                    <br />
                    People's
                  </p>
                </div>
              </button>
              <button
                aria-label=" Daniel Court and Amy Blumhardt, Liberty."
                class="c10"
                data-choice="court-blumhardt"
                data-selected="false"
                role="option"
                type="button"
              >
                <div
                  class="sc-jRQAMF boeJiV"
                >
                  <p
                    class="c9"
                  >
                    <strong>
                      Daniel Court and Amy Blumhardt
                    </strong>
                    <br />
                    Liberty
                  </p>
                </div>
              </button>
              <button
                aria-label=" Alvin Boone and James Lian, Constitution."
                class="c10"
                data-choice="boone-lian"
                data-selected="false"
                role="option"
                type="button"
              >
                <div
                  class="sc-jRQAMF boeJiV"
                >
                  <p
                    class="c9"
                  >
                    <strong>
                      Alvin Boone and James Lian
                    </strong>
                    <br />
                    Constitution
                  </p>
                </div>
              </button>
              <button
                aria-label=" Ashley Hildebrand-McDougall and James Garritty, Whig."
                class="c10"
                data-choice="hildebrand-garritty"
                data-selected="false"
                role="option"
                type="button"
              >
                <div
                  class="sc-jRQAMF boeJiV"
                >
                  <p
                    class="c9"
                  >
                    <strong>
                      Ashley Hildebrand-McDougall and James Garritty
                    </strong>
                    <br />
                    Whig
                  </p>
                </div>
              </button>
              <button
                aria-label=" Martin Patterson and Clay Lariviere, Labor."
                class="c10"
                data-choice="patterson-lariviere"
                data-selected="false"
                role="option"
                type="button"
              >
                <div
                  class="sc-jRQAMF boeJiV"
                >
                  <p
                    class="c9"
                  >
                    <strong>
                      Martin Patterson and Clay Lariviere
                    </strong>
                    <br />
                    Labor
                  </p>
                </div>
              </button>
            </div>
          </div>
        </div>
      </div>
    </main>
    <nav
      class="c11"
    >
      <div
        class="c12"
      >
        <div
          class="sc-jRQAMF boeJiV"
        >
          <p
            class="c13"
          >
            This is the 
            <strong>
              1st
            </strong>
             of
             
            21
             contests.
          </p>
          <p>
            <button
              class="sc-ksdxAp nabTM"
              id="next"
              role="option"
              type="button"
            >
              <span
                class="c14"
              >
                Next
              </span>
            </button>
          </p>
          <p>
            <button
              class="sc-ksdxAp ctUtNB"
              id="previous"
              role="option"
              type="button"
            >
              <span
                class="c15"
              >
                Back
              </span>
            </button>
          </p>
        </div>
      </div>
      <div
        class="c16"
      >
        <div
          aria-hidden="true"
          class="c17"
        >
          <div
            class="c18"
          >
            <div>
              <div
                class="c19"
              >
                Change Text Size
              </div>
              <div
                class="c20"
              >
                <span
                  class="sc-hBURRC gIPuLO"
                  data-testid="change-text-size-buttons"
                >
                  <button
                    class="sc-ksdxAp ctUtNB"
                    data-size="0"
                    type="button"
                    value="0"
                  >
                    A
                  </button>
                  <button
                    class="sc-ksdxAp fKeQwD"
                    data-size="1"
                    type="button"
                    value="1"
                  >
                    A
                  </button>
                  <button
                    class="sc-ksdxAp ctUtNB"
                    data-size="2"
                    type="button"
                    value="2"
                  >
                    A
                  </button>
                </span>
              </div>
            </div>
          </div>
        </div>
        <div
          aria-hidden="true"
          class="c21"
          data-testid="election-info"
        >
          <div
            class="c22"
          >
            <div
              aria-hidden="true"
              class="c23"
            >
              <img
                alt="state seal"
                class="c24"
                src="/seals/Sample-Seal.svg"
              />
            </div>
            <div
              class="sc-jRQAMF crSiLx"
            >
              <h5
                aria-label=" General Election."
              >
                 General Election
              </h5>
              <p
                class="c25"
              >
                November 3, 2020
                <br />
                <span
                  class="c26"
                >
                  Franklin County
                  ,
                </span>
                 
                <span
                  class="c26"
                >
                  State of Hamilton
                </span>
              </p>
              <p
                class="c27"
              >
                <span
                  class="c26"
                >
                  Center Springfield
                  , 
                </span>
                 
                <span
                  class="c26"
                >
                  ballot style 
                  12
                </span>
              </p>
            </div>
          </div>
        </div>
      </div>
    </nav>
  </div>
</div>
`;
