// Jest Snapshot v1, https://goo.gl/fbAQLP

exports[`Single Seat Contest with Write In 1`] = `
.c9 {
  position: relative;
  border-radius: 0.125rem;
  box-shadow: 0 0.125rem 0.125rem 0 rgba(0,0,0,0.14), 0 0.1875rem 0.0625rem -0.125rem rgba(0,0,0,0.12), 0 0.0625rem 0.3125rem 0 rgba(0,0,0,0.2);
  background: #FFFFFF;
  cursor: pointer;
  padding: 0.5rem 0.5rem 0.5rem 4rem;
  text-align: left;
  -webkit-transition: background 0.25s,color 0.25s;
  transition: background 0.25s,color 0.25s;
}

.c9::before {
  display: -webkit-box;
  display: -webkit-flex;
  display: -ms-flexbox;
  display: flex;
  -webkit-align-items: center;
  -webkit-box-align: center;
  -ms-flex-align: center;
  align-items: center;
  -webkit-box-pack: center;
  -webkit-justify-content: center;
  -ms-flex-pack: center;
  justify-content: center;
  position: absolute;
  top: 0;
  bottom: 0;
  left: 0;
  border-right: 1px solid;
  border-color: rgb(211,211,211);
  border-radius: 0.125rem 0 0 0.125rem;
  background: #ffffff;
  width: 3rem;
  text-align: center;
  color: #028099;
  font-size: 2rem;
  font-weight: 700;
  content: '';
}

.c3 {
  max-width: 66ch;
  line-height: 1.2;
}

.c3 h1 {
  margin: 2rem 0 1rem;
  line-height: 1.1;
  font-size: 1.5rem;
}

.c3 h2 {
  margin: 1.5rem 0 0.75rem;
  font-size: 1.25rem;
}

.c3 h3 {
  font-size: 1.17rem;
}

.c3 h4 {
  font-size: 1rem;
}

.c3 h5 {
  font-size: 0.9rem;
}

.c3 h3,
.c3 h4,
.c3 h5,
.c3 p,
.c3 ol,
.c3 ul {
  margin-top: 1rem;
  margin-bottom: 1rem;
}

.c3 h1 + h2 {
  margin-top: -0.75rem;
}

.c3 h1 + p,
.c3 h2 + p,
.c3 h1 + ol,
.c3 h2 + ol,
.c3 h1 + ul,
.c3 h2 + ul {
  margin-top: -0.75rem;
}

.c3 h3 + p,
.c3 h4 + p,
.c3 h5 + p,
.c3 h3 + ol,
.c3 h4 + ol,
.c3 h5 + ol,
.c3 h3 + ul,
.c3 h4 + ul,
.c3 h5 + ul {
  margin-top: -1rem;
}

.c3 > :first-child {
  margin-top: 0;
}

.c3 > :last-child {
  margin-bottom: 0;
}

.c3 dl {
  margin: 1rem 0;
}

.c25 {
  max-width: 66ch;
  line-height: 1.2;
}

.c25 h1 {
  margin: 2rem 0 1rem;
  line-height: 1.1;
  font-size: 1.5rem;
}

.c25 h2 {
  margin: 1.5rem 0 0.75rem;
  font-size: 1.25rem;
}

.c25 h3 {
  font-size: 1.17rem;
}

.c25 h4 {
  font-size: 1rem;
}

.c25 h5 {
  font-size: 0.9rem;
}

.c25 h3,
.c25 h4,
.c25 h5,
.c25 p,
.c25 ol,
.c25 ul {
  margin-top: 0;
  margin-bottom: 0;
}

.c25 h1 + h2 {
  margin-top: -0.75rem;
}

.c25 h1 + p,
.c25 h2 + p,
.c25 h1 + ol,
.c25 h2 + ol,
.c25 h1 + ul,
.c25 h2 + ul {
  margin-top: -0.75rem;
}

.c25 h3 + p,
.c25 h4 + p,
.c25 h5 + p,
.c25 h3 + ol,
.c25 h4 + ol,
.c25 h5 + ol,
.c25 h3 + ul,
.c25 h4 + ul,
.c25 h5 + ul {
  margin-top: 0;
}

.c25 > :first-child {
  margin-top: 0;
}

.c25 > :last-child {
  margin-bottom: 0;
}

.c25 dl {
  margin: 1rem 0;
}

.c26 {
  font-size: 0.8rem;
}

.c28 {
  font-size: 0.8rem;
  font-weight: 300;
}

.c10 {
  word-break: break-word;
}

.c13 {
  text-align: center;
}

.c27 {
  white-space: nowrap;
}

.c2 {
  margin: 0 auto;
  width: 100%;
  padding: 1rem 2rem 0.5rem;
  padding-left: 6rem;
}

.c4 {
  text-transform: uppercase;
  font-size: 0.85rem;
  font-weight: 600;
}

.c5 {
  display: -webkit-box;
  display: -webkit-flex;
  display: -ms-flexbox;
  display: flex;
  -webkit-flex: 1;
  -ms-flex: 1;
  flex: 1;
  position: relative;
  overflow: auto;
}

.c5::before,
.c5::after {
  position: absolute;
  z-index: 1;
  width: 100%;
  height: 0.25rem;
  content: '';
  -webkit-transition: opacity 0.25s ease;
  transition: opacity 0.25s ease;
}

.c5::before {
  top: 0;
  opacity: 0;
  background: linear-gradient( to bottom, rgb(177,186,190) 0%, transparent 100% );
}

.c5::after {
  bottom: 0;
  opacity: 0;
  background: linear-gradient( to bottom, transparent 0%, rgb(177,186,190) 100% );
}

.c6 {
  -webkit-flex: 1;
  -ms-flex: 1;
  flex: 1;
  overflow: auto;
}

.c7 {
  margin: 0 auto;
  width: 100%;
  padding: 0.5rem 2rem 2rem;
}

.c8 {
  display: grid;
  grid-auto-rows: minmax(auto,1fr);
  grid-gap: 1rem;
}

.c23 {
  max-width: 250px;
}

.c24 {
  max-width: 250px;
}

.c21 {
  display: -webkit-box;
  display: -webkit-flex;
  display: -ms-flexbox;
  display: flex;
  margin: 1.5rem 1rem 0;
}

.c22 {
  display: -webkit-box;
  display: -webkit-flex;
  display: -ms-flexbox;
  display: flex;
  -webkit-flex-direction: row;
  -ms-flex-direction: row;
  flex-direction: row;
  -webkit-align-items: center;
  -webkit-box-align: center;
  -ms-flex-align: center;
  align-items: center;
  margin: auto;
}

.c22 div:first-child {
  margin-right: 1rem;
  min-width: 5rem;
}

.c1 {
  display: -webkit-box;
  display: -webkit-flex;
  display: -ms-flexbox;
  display: flex;
  -webkit-flex-direction: row;
  -ms-flex-direction: row;
  flex-direction: row;
  height: 100%;
}

.c1 > nav {
  -webkit-flex: 1;
  -ms-flex: 1;
  flex: 1;
}

.c1 > main {
  -webkit-flex: 2;
  -ms-flex: 2;
  flex: 2;
}

.c11 {
  display: -webkit-box;
  display: -webkit-flex;
  display: -ms-flexbox;
  display: flex;
  -webkit-flex-direction: column;
  -ms-flex-direction: column;
  flex-direction: column;
  background-color: #333333;
  color: #ffffff;
}

.c12 {
  display: -webkit-box;
  display: -webkit-flex;
  display: -ms-flexbox;
  display: flex;
  -webkit-flex: 1;
  -ms-flex: 1;
  flex: 1;
  -webkit-flex-direction: column;
  -ms-flex-direction: column;
  flex-direction: column;
  padding: 1rem;
}

.c12 p > button {
  width: 100%;
}

.c16 {
  margin: 1rem;
}

.c17 {
  display: -webkit-box;
  display: -webkit-flex;
  display: -ms-flexbox;
  display: flex;
  -webkit-box-pack: center;
  -webkit-justify-content: center;
  -ms-flex-pack: center;
  justify-content: center;
  border: 1px solid #808080;
  border-width: 1px 0;
  padding: 1rem 0;
}

.c18 {
  display: -webkit-box;
  display: -webkit-flex;
  display: -ms-flexbox;
  display: flex;
  -webkit-box-pack: center;
  -webkit-justify-content: center;
  -ms-flex-pack: center;
  justify-content: center;
}

.c20 button {
  min-width: 112px;
}

.c20 button[data-size='0'] {
  font-size: 22px !important;
}

.c20 button[data-size='1'] {
  font-size: 28px !important;
}

.c20 button[data-size='2'] {
  font-size: 36px !important;
}

.c19 {
  display: block;
  margin-bottom: 0.4rem;
}

.c14::after {
  display: inline-block;
  margin-left: 0.5rem;
  background: url('/images/arrow-right-open-black.svg') no-repeat;
  width: 1.375rem;
  height: 1.375rem;
  vertical-align: text-bottom;
  content: '';
}

.c15::before {
  display: inline-block;
  margin-right: 0.5rem;
  background: url('/images/arrow-left-open-black.svg') no-repeat;
  width: 1rem;
  height: 1rem;
  vertical-align: text-bottom;
  content: '';
}

.c0 {
  height: 100%;
}

.c0:focus {
  outline: none;
}

@media (min-width:480px) {
  .c9 {
    padding: 1rem 1rem 1rem 4rem;
  }
}

@media (min-width:480px) {
  .c3 {
    line-height: 1.3;
  }
}

@media (min-width:480px) {
  .c25 {
    line-height: 1.3;
  }
}

@media print {
  .c1 {
    display: none;
  }
}

<div
  class="c0"
  tabindex="-1"
>
  <div
    class="c1"
  >
    <main
      class="sc-fotPbf kpwCyO"
    >
      <div
        class="c2"
        id="contest-header"
      >
        <div
          class="c3"
          id="audiofocus"
        >
          <h1
            aria-label="Franklin County Registrar of Wills."
          >
            <div
              class="c4"
            >
              Franklin County
            </div>
            Registrar of Wills
          </h1>
          <p>
            <span
              class=""
            >
              Vote for 
              1
              .
            </span>
             
            <span
              class="screen-reader-only"
            >
              To navigate through the contest choices, use the down button. To move to the next contest, use the right button.
            </span>
          </p>
        </div>
      </div>
      <div
        class="c5"
      >
        <div
          class="c6"
        >
          <div
            class="c7"
          >
            <div
              class="c8"
            >
              <button
                aria-label=" Rhadka Ramachandrani, Independent."
                class="c9"
                data-choice="ramachandrani"
                data-selected="false"
                role="option"
                type="button"
              >
                <div
                  class="c3"
                >
                  <p
                    class="c10"
                  >
                    <strong>
                      Rhadka Ramachandrani
                    </strong>
                    <br />
                    Independent
                  </p>
                </div>
              </button>
              <button
                class="c9"
                data-choice="write-in"
                data-selected="false"
                role="option"
                type="button"
              >
                <div
                  class="c3"
                >
                  <p
                    aria-label="add write-in candidate."
                  >
                    <em>
                      add write-in candidate
                    </em>
                  </p>
                </div>
              </button>
            </div>
          </div>
        </div>
      </div>
    </main>
    <nav
      class="c11"
    >
      <div
        class="c12"
      >
        <div
          class="c3"
        >
          <p
            class="c13"
          >
            This is the 
            <strong>
              10th
            </strong>
             of
             
            21
             contests.
          </p>
          <p>
            <button
              class="sc-gsDJrp doxUoD"
              id="next"
              role="option"
              type="button"
            >
              <span
                class="c14"
              >
                Next
              </span>
            </button>
          </p>
          <p>
            <button
              class="sc-gsDJrp gwgkfw"
              id="previous"
              role="option"
              type="button"
            >
              <span
                class="c15"
              >
                Back
              </span>
            </button>
          </p>
        </div>
      </div>
      <div
        class="c16"
      >
        <div
          aria-hidden="true"
          class="c17"
        >
          <div
            class="c18"
          >
            <div>
              <div
                class="c19"
              >
                Change Text Size
              </div>
              <div
                class="c20"
              >
                <span
                  class="sc-dkPtyc bMgDJv"
                  data-testid="change-text-size-buttons"
                >
                  <button
                    class="sc-gsDJrp gwgkfw"
                    data-size="0"
                    type="button"
                    value="0"
                  >
                    A
                  </button>
                  <button
                    class="sc-gsDJrp eRXSeO"
                    data-size="1"
                    type="button"
                    value="1"
                  >
                    A
                  </button>
                  <button
                    class="sc-gsDJrp gwgkfw"
                    data-size="2"
                    type="button"
                    value="2"
                  >
                    A
                  </button>
                </span>
              </div>
            </div>
          </div>
        </div>
        <div
          aria-hidden="true"
          class="c21"
          data-testid="election-info"
        >
          <div
            class="c22"
          >
            <div
              aria-hidden="true"
              class="c23"
            >
              <img
                alt="state seal"
                class="c24"
                src="/seals/Sample-Seal.svg"
              />
            </div>
            <div
              class="c25"
            >
              <h5
                aria-label=" General Election."
              >
                 General Election
              </h5>
              <p
                class="c26"
              >
                November 3, 2020
                <br />
                <span
                  class="c27"
                >
                  Franklin County
                  ,
                </span>
                 
                <span
                  class="c27"
                >
                  State of Hamilton
                </span>
              </p>
              <p
                class="c28"
              >
                <span
                  class="c27"
                >
                  Center Springfield
                  , 
                </span>
                 
                <span
                  class="c27"
                >
                  ballot style 
                  12
                </span>
              </p>
            </div>
          </div>
        </div>
      </div>
    </nav>
  </div>
</div>
`;
