// Jest Snapshot v1, https://goo.gl/fbAQLP

exports[`renders Button 1`] = `
.c0 {
  background: lightgrey;
  border-radius: 0.25rem;
  color: black;
  white-space: nowrap;
}

<button
  class="c0"
>
  foo
</button>
`;
