// Jest Snapshot v1, https://goo.gl/fbAQLP

exports[`renders QRCode 1`] = `
.c0 > svg {
  display: block;
  height: auto;
  width: 100%;
}

<div
  class="c0"
>
  <svg
    height="128"
    shape-rendering="crispEdges"
    viewBox="0 0 25 25"
    width="128"
  >
    <path
      d="M0,0 h25v25H0z"
      fill="#FFFFFF"
    />
    <path
      d="M0 0h7v1H0zM8 0h3v1H8zM12 0h2v1H12zM16 0h1v1H16zM18,0 h7v1H18zM0 1h1v1H0zM6 1h1v1H6zM10 1h3v1H10zM16 1h1v1H16zM18 1h1v1H18zM24,1 h1v1H24zM0 2h1v1H0zM2 2h3v1H2zM6 2h1v1H6zM9 2h1v1H9zM13 2h1v1H13zM15 2h2v1H15zM18 2h1v1H18zM20 2h3v1H20zM24,2 h1v1H24zM0 3h1v1H0zM2 3h3v1H2zM6 3h1v1H6zM8 3h2v1H8zM11 3h1v1H11zM13 3h1v1H13zM18 3h1v1H18zM20 3h3v1H20zM24,3 h1v1H24zM0 4h1v1H0zM2 4h3v1H2zM6 4h1v1H6zM9 4h2v1H9zM12 4h1v1H12zM18 4h1v1H18zM20 4h3v1H20zM24,4 h1v1H24zM0 5h1v1H0zM6 5h1v1H6zM9 5h2v1H9zM13 5h1v1H13zM16 5h1v1H16zM18 5h1v1H18zM24,5 h1v1H24zM0 6h7v1H0zM8 6h1v1H8zM10 6h1v1H10zM12 6h1v1H12zM14 6h1v1H14zM16 6h1v1H16zM18,6 h7v1H18zM10 7h3v1H10zM15 7h1v1H15zM2 8h1v1H2zM4 8h3v1H4zM8 8h3v1H8zM12 8h2v1H12zM15 8h1v1H15zM17 8h1v1H17zM21 8h1v1H21zM24,8 h1v1H24zM0 9h1v1H0zM2 9h3v1H2zM10 9h1v1H10zM12 9h2v1H12zM15 9h3v1H15zM20 9h1v1H20zM22,9 h3v1H22zM0 10h1v1H0zM4 10h1v1H4zM6 10h1v1H6zM9 10h1v1H9zM11 10h1v1H11zM18 10h1v1H18zM24,10 h1v1H24zM0 11h2v1H0zM5 11h1v1H5zM9 11h4v1H9zM15 11h2v1H15zM20 11h2v1H20zM23 11h1v1H23zM2 12h1v1H2zM5 12h2v1H5zM10 12h1v1H10zM12 12h2v1H12zM18 12h1v1H18zM20 12h2v1H20zM2 13h2v1H2zM7 13h3v1H7zM13 13h1v1H13zM15 13h1v1H15zM19 13h1v1H19zM21 13h1v1H21zM0 14h1v1H0zM4 14h3v1H4zM8 14h2v1H8zM13 14h2v1H13zM17 14h1v1H17zM23,14 h2v1H23zM1 15h4v1H1zM7 15h3v1H7zM12 15h4v1H12zM17 15h3v1H17zM21 15h1v1H21zM23,15 h2v1H23zM0 16h1v1H0zM3 16h2v1H3zM6 16h2v1H6zM10 16h1v1H10zM12 16h2v1H12zM16 16h6v1H16zM23,16 h2v1H23zM8 17h2v1H8zM11 17h1v1H11zM14 17h3v1H14zM20 17h2v1H20zM0 18h7v1H0zM11 18h1v1H11zM14 18h1v1H14zM16 18h1v1H16zM18 18h1v1H18zM20,18 h5v1H20zM0 19h1v1H0zM6 19h1v1H6zM8 19h1v1H8zM11 19h4v1H11zM16 19h1v1H16zM20 19h2v1H20zM23 19h1v1H23zM0 20h1v1H0zM2 20h3v1H2zM6 20h1v1H6zM8 20h3v1H8zM12 20h9v1H12zM0 21h1v1H0zM2 21h3v1H2zM6 21h1v1H6zM9 21h2v1H9zM15 21h2v1H15zM18 21h1v1H18zM22 21h2v1H22zM0 22h1v1H0zM2 22h3v1H2zM6 22h1v1H6zM8 22h4v1H8zM13 22h3v1H13zM18 22h3v1H18zM24,22 h1v1H24zM0 23h1v1H0zM6 23h1v1H6zM12 23h3v1H12zM17 23h1v1H17zM21 23h1v1H21zM23 23h1v1H23zM0 24h7v1H0zM9 24h4v1H9zM14 24h1v1H14zM16 24h6v1H16zM23,24 h2v1H23z"
      fill="#000000"
    />
  </svg>
</div>
`;
