// Jest Snapshot v1, https://goo.gl/fbAQLP

exports[`renders Screen 1`] = `
.c0 {
  height: 100%;
  display: -webkit-box;
  display: -webkit-flex;
  display: -ms-flexbox;
  display: flex;
  -webkit-flex-direction: column;
  -ms-flex-direction: column;
  flex-direction: column;
}

<div
  class="c0"
>
  foo
</div>
`;
