// Jest Snapshot v1, https://goo.gl/fbAQLP

exports[`allows file to be uploaded via drag and drop 1`] = `
.c0 {
  display: -webkit-box;
  display: -webkit-flex;
  display: -ms-flexbox;
  display: flex;
  -webkit-flex-direction: column;
  -ms-flex-direction: column;
  flex-direction: column;
  -webkit-flex: 1;
  -ms-flex: 1;
  flex: 1;
  overflow: auto;
}

@media print {
  .c0 {
    -webkit-box-pack: start;
    -webkit-justify-content: flex-start;
    -ms-flex-pack: start;
    justify-content: flex-start;
    padding: 0;
  }
}

<main
  class="c0"
>
  <p>
    File loaded
     
  </p>
</main>
`;

exports[`allows file to be uploaded via file input 1`] = `
.c0 {
  display: -webkit-box;
  display: -webkit-flex;
  display: -ms-flexbox;
  display: flex;
  -webkit-flex-direction: column;
  -ms-flex-direction: column;
  flex-direction: column;
  -webkit-flex: 1;
  -ms-flex: 1;
  flex: 1;
  overflow: auto;
}

@media print {
  .c0 {
    -webkit-box-pack: start;
    -webkit-justify-content: flex-start;
    -ms-flex-pack: start;
    justify-content: flex-start;
    padding: 0;
  }
}

<main
  class="c0"
>
  <p>
    File loaded
     
  </p>
</main>
`;
