// Jest Snapshot v1, https://goo.gl/fbAQLP

exports[`renders Button as DecoyButton with options: small warning 1`] = `
<div
  class="sc-bdvvaa jeCamy"
>
  DecoyButton
</div>
`;

exports[`renders Button with defaults 1`] = `
<button
  class="sc-gsDJrp dmKzwC"
  type="button"
>
  foo
</button>
`;

exports[`renders Button with options: big danger 1`] = `
<button
  class="sc-gsDJrp nvHjI"
  type="button"
>
  Iâ€™m a big button!
</button>
`;

exports[`renders Button with options: full-width disabled submit 1`] = `
<button
  class="sc-gsDJrp cmfItr"
  disabled=""
  type="submit"
>
  Disabled Button
</button>
`;

exports[`renders Button with options: primary noFocus 1`] = `
<button
  class="sc-gsDJrp gDeqDP"
  type="button"
>
  Primary
</button>
`;
