// Jest Snapshot v1, https://goo.gl/fbAQLP

exports[`renders NotFoundPage 1`] = `
.c1 {
  margin: auto;
  max-width: 66ch;
  text-align: center;
  line-height: 1.2;
}

.c1 h1 {
  margin: 2rem 0 1rem;
  line-height: 1.1;
  font-size: 1.5rem;
}

.c1 h2 {
  margin: 1.5rem 0 0.75rem;
  font-size: 1.25rem;
}

.c1 h3 {
  font-size: 1.17rem;
}

.c1 h4 {
  font-size: 1rem;
}

.c1 h5 {
  font-size: 0.9rem;
}

.c1 h3,
.c1 h4,
.c1 h5,
.c1 p,
.c1 ol,
.c1 ul {
  margin-top: 1rem;
  margin-bottom: 1rem;
}

.c1 h1 + h2 {
  margin-top: -0.75rem;
}

.c1 h1 + p,
.c1 h2 + p,
.c1 h1 + ol,
.c1 h2 + ol,
.c1 h1 + ul,
.c1 h2 + ul {
  margin-top: -0.75rem;
}

.c1 h3 + p,
.c1 h4 + p,
.c1 h5 + p,
.c1 h3 + ol,
.c1 h4 + ol,
.c1 h5 + ol,
.c1 h3 + ul,
.c1 h4 + ul,
.c1 h5 + ul {
  margin-top: -1rem;
}

.c1 > :first-child {
  margin-top: 0;
}

.c1 > :last-child {
  margin-bottom: 0;
}

.c1 dl {
  margin: 1rem 0;
}

.c0 {
  display: -webkit-box;
  display: -webkit-flex;
  display: -ms-flexbox;
  display: flex;
  -webkit-flex-direction: row;
  -ms-flex-direction: row;
  flex-direction: row;
  height: 100%;
}

.c0 > nav {
  -webkit-flex: 1;
  -ms-flex: 1;
  flex: 1;
}

.c0 > main {
  -webkit-flex: 2;
  -ms-flex: 2;
  flex: 2;
}

@media (min-width:480px) {
  .c1 {
    line-height: 1.3;
  }
}

@media print {
  .c0 {
    display: none;
  }
}

<div
  class="c0"
>
  <main
    class="sc-fotPbf kpwCyO"
  >
    <div
      class="sc-fFehDp iiZhyw"
    >
      <div
        class="c1"
      >
        <h1>
          Page Not Found.
        </h1>
        <p>
          No page exists at 
          <code>
            /foobar-not-found-path
          </code>
          .
        </p>
        <p>
          <button
            class="sc-gsDJrp dmKzwC"
            type="button"
          >
            Start Over
          </button>
        </p>
      </div>
    </div>
  </main>
</div>
`;
