// Jest Snapshot v1, https://goo.gl/fbAQLP

exports[`renders SettingsPage 1`] = `
.c0 {
  display: -webkit-box;
  display: -webkit-flex;
  display: -ms-flexbox;
  display: flex;
  -webkit-flex-direction: column;
  -ms-flex-direction: column;
  flex-direction: column;
  -webkit-flex: 1;
  -ms-flex: 1;
  flex: 1;
  overflow: auto;
  padding: 1rem 0.5rem 2rem;
}

.c1 {
  max-width: 35rem;
  margin: 0 0;
}

.c2 {
  line-height: 1.2;
  max-width: 66ch;
}

.c2 h1 {
  font-size: 1.5rem;
  line-height: 1.1;
  margin: 2rem 0 1rem;
}

.c2 h2 {
  font-size: 1.25rem;
  margin: 1.5rem 0 0.75rem;
}

.c2 h3,
.c2 p {
  font-size: 1rem;
  margin: 1rem 0;
}

.c2 h1 + h2 {
  margin-top: -0.75rem;
}

.c2 h1 + p,
.c2 h2 + p {
  margin-top: -0.75rem;
}

.c2 h3 + p {
  margin-top: -1rem;
}

.c2 :first-child {
  margin-top: 0;
}

.c2 :last-child {
  margin-bottom: 0;
}

.c5 {
  border: none;
  border-radius: 0.25rem;
  box-sizing: border-box;
  background: lightgrey;
  cursor: pointer;
  padding: 0.4rem 0.7rem;
  line-height: 1;
  white-space: nowrap;
  color: black;
}

.c6 {
  width: 300px;
  background: transparent;
}

.c6,
.c6::-webkit-slider-runnable-track,
.c6::-webkit-slider-thumb {
  -webkit-appearance: none;
}

.c6:focus {
  outline: none;
}

.c6::-webkit-slider-runnable-track {
  cursor: pointer;
  width: 100%;
  height: 0.5rem;
  margin: 0.25rem 0;
  background: radial-gradient( circle 0.25rem at calc(0% + 0.5rem) 0.25rem, black, black 100%, transparent ), radial-gradient( circle 0.25rem at calc((100% + 0.125rem) * .34) 0.25rem, black, black 100%, transparent ), radial-gradient( circle 0.25rem at calc((100% - 0.125rem) * .66) 0.25rem, black, black 100%, transparent ), radial-gradient( circle 0.25rem at calc(100% - 0.5rem) 0.25rem, black, black 100%, transparent ), linear-gradient( to right, transparent, transparent 0.5rem, lightgrey 0.5rem, lightgrey calc(100% - 0.5rem), transparent calc(100% - 0.5rem), transparent ),#edeff0;
  border-color: transparent;
  color: transparent;
}

.c6:focus::-webkit-slider-runnable-track {
  outline: none;
}

.c6::-webkit-slider-thumb {
  height: 1rem;
  width: 1rem;
  border-radius: 0.5rem;
  background: black;
  cursor: pointer;
  margin-top: -0.25rem;
}

.c6:focus::-webkit-slider-thumb {
  outline: rgb(77,144,254) dashed 0.25rem;
}

.c3 {
  display: block;
  margin: 1.5rem 0 1rem;
  font-size: 1.25rem;
  font-weight: bold;
}

.c4 {
  display: -webkit-box;
  display: -webkit-flex;
  display: -ms-flexbox;
  display: flex;
}

.c4 input {
  -webkit-flex: 1;
  -ms-flex: 1;
  flex: 1;
  margin-right: 0.5rem;
  margin-left: 0.5rem;
}

.c4 button {
  border-radius: 50%;
  height: 2.5rem;
  width: 2.5rem;
  padding: 0 0 0.2rem;
}

@media (min-width:480px) {
  .c0 {
    padding: 2rem 1rem;
  }
}

@media print {
  .c0 {
    -webkit-box-pack: start;
    -webkit-justify-content: flex-start;
    -ms-flex-pack: start;
    justify-content: flex-start;
    padding: 0;
  }
}

@media print {
  .c1 {
    max-width: 100%;
    margin: 0;
  }
}

@media (min-width:480px) {
  .c2 {
    line-height: 1.3;
  }
}

<main
  class="c0"
>
  <div
    class="c1"
  >
    <div
      class="c2"
    >
      <h1>
        Settings
      </h1>
      <p>
        Adjust the following settings to meet your needs.
      </p>
      <label
        class="c3"
        for="font-size"
      >
        Font Size
      </label>
      <div
        class="c4"
      >
        <button
          aria-hidden="true"
          class="c5"
          data-testid="decrease-font-size-button"
          type="button"
          value="-1"
        >
          -
        </button>
        <input
          class="c6"
          id="font-size"
          max="3"
          min="0"
          step="1"
          type="range"
          value="1"
        />
        <button
          aria-hidden="true"
          class="c5"
          data-testid="increase-font-size-button"
          type="button"
          value="1"
        >
          +
        </button>
      </div>
      <h2>
        Clear Selections
      </h2>
      <p>
        Clear all selections and start over.
      </p>
      <button
        class="c5"
        type="button"
      >
        Start Over
      </button>
    </div>
  </div>
</main>
`;
