// Jest Snapshot v1, https://goo.gl/fbAQLP

exports[`renders StartPage 1`] = `
.c1 {
  background: lightgrey;
  border-radius: 0.25rem;
  color: black;
  white-space: nowrap;
}

.c0 {
  display: -webkit-box;
  display: -webkit-flex;
  display: -ms-flexbox;
  display: flex;
  -webkit-flex-direction: column;
  -ms-flex-direction: column;
  flex-direction: column;
  -webkit-align-items: center;
  -webkit-box-align: center;
  -ms-flex-align: center;
  align-items: center;
  -webkit-box-pack: center;
  -webkit-justify-content: center;
  -ms-flex-pack: center;
  justify-content: center;
  -webkit-flex: 1;
  -ms-flex: 1;
  flex: 1;
  text-align: center;
  margin: 1rem;
}

@media print {
  .c0 {
    -webkit-box-pack: start;
    -webkit-justify-content: flex-start;
    -ms-flex-pack: start;
    justify-content: flex-start;
    margin: 0;
  }
}

<main
  class="c0"
>
  <div
    class="prose"
  >
    <h1>
      Demo Election
    </h1>
    <p>
      For each contest, measure, or proposition, select your vote and then press the “Next” button.
    </p>
    <h2>
      Heading 2
    </h2>
    <p>
      More text about the election.
    </p>
    <p>
      More text about the election.
    </p>
    <p>
      <button
        class="c1"
      >
        Get Started
      </button>
    </p>
  </div>
</main>
`;
