// Jest Snapshot v1, https://goo.gl/fbAQLP

exports[`renders CastBallotPage 1`] = `
.c1 {
  margin: auto;
  max-width: 66ch;
  text-align: center;
  line-height: 1.2;
}

.c1 h1 {
  margin: 2rem 0 1rem;
  line-height: 1.1;
  font-size: 1.5rem;
}

.c1 h2 {
  margin: 1.5rem 0 0.75rem;
  font-size: 1.25rem;
}

.c1 h3 {
  font-size: 1.17rem;
}

.c1 h4 {
  font-size: 1rem;
}

.c1 h5 {
  font-size: 0.9rem;
}

.c1 h3,
.c1 h4,
.c1 h5,
.c1 p,
.c1 ol,
.c1 ul {
  margin-top: 1rem;
  margin-bottom: 1rem;
}

.c1 h1 + h2 {
  margin-top: -0.75rem;
}

.c1 h1 + p,
.c1 h2 + p,
.c1 h1 + ol,
.c1 h2 + ol,
.c1 h1 + ul,
.c1 h2 + ul {
  margin-top: -0.75rem;
}

.c1 h3 + p,
.c1 h4 + p,
.c1 h5 + p,
.c1 h3 + ol,
.c1 h4 + ol,
.c1 h5 + ol,
.c1 h3 + ul,
.c1 h4 + ul,
.c1 h5 + ul {
  margin-top: -1rem;
}

.c1 > :first-child {
  margin-top: 0;
}

.c1 > :last-child {
  margin-bottom: 0;
}

.c1 dl {
  margin: 1rem 0;
}

.c0 {
  display: -webkit-box;
  display: -webkit-flex;
  display: -ms-flexbox;
  display: flex;
  -webkit-flex-direction: row;
  -ms-flex-direction: row;
  flex-direction: row;
  background-color: white;
  height: 100%;
}

.c0 > nav {
  -webkit-flex: 1;
  -ms-flex: 1;
  flex: 1;
}

.c0 > main {
  -webkit-flex: 2;
  -ms-flex: 2;
  flex: 2;
}

.c3 {
  margin: 0 auto 1em;
  height: 20vw;
}

.c2 {
  display: -webkit-box;
  display: -webkit-flex;
  display: -ms-flexbox;
  display: flex;
  padding: 1rem 1rem 1rem 2rem;
  list-style: none;
  text-align: center;
}

.c2 > li {
  -webkit-flex: 1;
  -ms-flex: 1;
  flex: 1;
  margin-right: 1em;
}

.c2 > li:last-child {
  margin-right: 0;
}

.c2 > li img {
  position: relative;
}

.c4 {
  position: absolute;
  right: 1em;
  bottom: 1em;
}

@media (min-width:480px) {
  .c1 {
    line-height: 1.3;
  }
}

@media print {
  .c0 {
    display: none;
  }
}

<div
  class="c0"
>
  <main
    class="sc-cxpRKc iyrZoO"
  >
    <div
      class="sc-llYToB beguda"
    >
      <div
        class="c1"
        id="audiofocus"
        style="max-width: 65%;"
      >
        <h1
          aria-label="You’re almost done."
        >
          You’re Almost Done
        </h1>
        <p>
          Your official ballot is printing. To finish voting you need to…
        </p>
        <ol
          class="c2"
        >
          <li>
            <img
              alt="Verify Your Printed Ballot"
              aria-hidden="true"
              class="c3"
              src="/images/instructions-1-verify.svg"
              style="left: -0.75em;"
            />
            <p>
              1. Verify your official ballot.
            </p>
          </li>
          <li>
            <img
              alt="Scan Your Ballot"
              aria-hidden="true"
              class="c3"
              src="/images/instructions-2-scan.svg"
            />
            <p>
              2. Scan your official ballot.
            </p>
          </li>
        </ol>
        <h3>
          <strong>
            Need help?
          </strong>
           Ask a poll worker.
        </h3>
      </div>
      <div
        class="c4"
      >
        <button
          class="sc-ksdxAp gPNRbf"
          type="button"
        >
          Done
        </button>
      </div>
    </div>
  </main>
</div>
`;
