// Jest Snapshot v1, https://goo.gl/fbAQLP

exports[`renders NotFoundPage 1`] = `
<div
  class="sc-dPiKHq gAmBjb"
>
  <main
    class="sc-llYToB kOvPLn"
  >
    <div
      class="sc-iJKOzS jYWoHD"
    >
      <div
        class="sc-jRQAMF huupYJ"
      >
        <h1>
          Page Not Found.
        </h1>
        <p>
          No page exists at 
          <code>
            /foobar-not-found-path
          </code>
          .
        </p>
        <p>
          <button
            class="sc-ksdxAp gPNRbf"
            type="button"
          >
            Start Over
          </button>
        </p>
      </div>
    </div>
  </main>
</div>
`;
