// Jest Snapshot v1, https://goo.gl/fbAQLP

exports[`renders SettingsTextSize 1`] = `
.c1 {
  display: -webkit-inline-box;
  display: -webkit-inline-flex;
  display: -ms-inline-flexbox;
  display: inline-flex;
  white-space: nowrap;
}

.c1 > button {
  -webkit-flex: 1;
  -ms-flex: 1;
  flex: 1;
  box-shadow: inset 1px 0 0 rgb(190,190,190);
}

.c1 > button:first-child {
  box-shadow: none;
}

.c1 > button:not(:last-child) {
  border-top-right-radius: 0;
  border-bottom-right-radius: 0;
}

.c1 > button:not(:first-child) {
  border-top-left-radius: 0;
  border-bottom-left-radius: 0;
}

.c1 > button:disabled {
  background: #028099;
  color: #ffffff;
}

.c1 button {
  min-width: 98px;
}

.c1 button[data-size='S'] {
  font-size: 22px !important;
}

.c1 button[data-size='M'] {
  font-size: 28px !important;
}

.c1 button[data-size='L'] {
  font-size: 36px !important;
}

.c1 button[data-size='XL'] {
  font-size: 56px !important;
}

.c0 {
  display: block;
  margin-bottom: 0.4rem;
}

<p>
  <label
    aria-hidden="true"
    class="c0"
  >
    Text Size
  </label>
  <span
    class="sc-bqiQRQ c1"
    data-testid="change-text-size-buttons"
  >
    <button
      aria-label=" Text Size: Small"
      class="sc-egiSv dHUDgX"
      data-size="S"
      type="button"
      value="S"
    >
      A
    </button>
    <button
      aria-label="Selected Text Size: Medium"
      class="sc-egiSv KWJA-d"
      data-size="M"
      type="button"
      value="M"
    >
      A
    </button>
    <button
      aria-label=" Text Size: Large"
      class="sc-egiSv dHUDgX"
      data-size="L"
      type="button"
      value="L"
    >
      A
    </button>
    <button
      aria-label=" Text Size: Extra Large"
      class="sc-egiSv dHUDgX"
      data-size="XL"
      type="button"
      value="XL"
    >
      A
    </button>
  </span>
</p>
`;
